---
source: src/tests/ParserTest.rs
expression: "parse_expr(\"a(1,1,1)+1;\")"
---
BinaryNode(
    BinaryNode {
        kind: ADD,
        left: Call(
            Call {
                callee: Variable(
                    Variable {
                        name: "a",
                    },
                ),
                args: [
                    Value(
                        Num(
                            1.0,
                        ),
                    ),
                    Value(
                        Num(
                            1.0,
                        ),
                    ),
                    Value(
                        Num(
                            1.0,
                        ),
                    ),
                ],
            },
        ),
        right: Value(
            Num(
                1.0,
            ),
        ),
    },
)
