---
source: src/tests/ParserTest.rs
expression: "parse_expr(\"!true;\")"
---
UnaryNode(
    UnaryNode {
        kind: NOT,
        object: Value(
            Bool(
                true,
            ),
        ),
    },
)
