---
source: src/tests/parser_test.rs
expression: "parse_expr(\"struct abc{struct dfg{};};\")"
---
Ok(
    Spanned {
        unspanned: Declaration(
            Declaration {
                var_name: "abc",
                value: Spanned {
                    unspanned: StructDef(
                        StructDef {
                            name: "abc",
                            fields: [
                                Spanned {
                                    unspanned: Declaration(
                                        Declaration {
                                            var_name: "dfg",
                                            value: Spanned {
                                                unspanned: StructDef(
                                                    StructDef {
                                                        name: "dfg",
                                                        fields: [],
                                                    },
                                                ),
                                                span: (
                                                    21,
                                                    23,
                                                ),
                                            },
                                        },
                                    ),
                                    span: (
                                        21,
                                        23,
                                    ),
                                },
                            ],
                        },
                    ),
                    span: (
                        10,
                        17,
                    ),
                },
            },
        ),
        span: (
            10,
            17,
        ),
    },
)
