---
source: src/tests/ParserTest.rs
expression: "parse_expr(\"!(0);\")"
---
UnaryNode(
    UnaryNode {
        kind: NOT,
        object: Value(
            Num(
                0.0,
            ),
        ),
    },
)
