---
source: src/tests/parser_test.rs
expression: "parse_full(\"var a; var a;\")"
---
Spanned {
    unspanned: Block {
        body: [
            Spanned {
                unspanned: Declaration(
                    Declaration {
                        var_name: "a",
                        value: Spanned {
                            unspanned: Value(
                                Null,
                            ),
                            span: (
                                4,
                                5,
                            ),
                        },
                    },
                ),
                span: (
                    4,
                    6,
                ),
            },
            Spanned {
                unspanned: Declaration(
                    Declaration {
                        var_name: "a",
                        value: Spanned {
                            unspanned: Value(
                                Null,
                            ),
                            span: (
                                11,
                                12,
                            ),
                        },
                    },
                ),
                span: (
                    11,
                    13,
                ),
            },
        ],
    },
    span: (
        0,
        12,
    ),
}
