---
source: src/tests/ParserTest.rs
expression: "parse_expr(\"a();\")"
---
Call(
    Call {
        callee: Variable(
            Variable {
                name: "a",
            },
        ),
        args: [],
    },
)
